> Task :app:checkKotlinGradlePluginConfigurationErrors
> Task :app:preBuild UP-TO-DATE
> Task :app:preDebugBuild UP-TO-DATE
> Task :app:generateDebugBuildConfig UP-TO-DATE
> Task :app:checkDebugAarMetadata UP-TO-DATE
> Task :app:generateDebugResValues UP-TO-DATE
> Task :app:injectCrashlyticsMappingFileIdDebug UP-TO-DATE
> Task :app:processDebugGoogleServices UP-TO-DATE
> Task :app:mapDebugSourceSetPaths UP-TO-DATE
> Task :app:generateDebugResources UP-TO-DATE
> Task :app:mergeDebugResources UP-TO-DATE
> Task :app:packageDebugResources UP-TO-DATE
> Task :app:parseDebugLocalResources UP-TO-DATE
> Task :app:createDebugCompatibleScreenManifests UP-TO-DATE
> Task :app:extractDeepLinksDebug UP-TO-DATE
> Task :app:processDebugMainManifest UP-TO-DATE
> Task :app:processDebugManifest UP-TO-DATE
> Task :app:processDebugManifestForPackage UP-TO-DATE
> Task :app:processDebugResources UP-TO-DATE
> Task :app:kspDebugKotlin UP-TO-DATE
> Task :app:compileDebugKotlin
w: file:///C:/Users/andre/AndroidStudioProjects/HotWheelsCollectors/app/src/main/java/com/example/hotwheelscollectors/data/repository/FirestoreRepository.kt:51:41 Elvis operator (?:) always returns the left operand of non-nullable type String
w: file:///C:/Users/andre/AndroidStudioProjects/HotWheelsCollectors/app/src/main/java/com/example/hotwheelscollectors/data/repository/FirestoreRepository.kt:52:45 Elvis operator (?:) always returns the left operand of non-nullable type String
w: file:///C:/Users/andre/AndroidStudioProjects/HotWheelsCollectors/app/src/main/java/com/example/hotwheelscollectors/data/repository/FirestoreRepository.kt:54:43 Elvis operator (?:) always returns the left operand of non-nullable type Long
w: file:///C:/Users/andre/AndroidStudioProjects/HotWheelsCollectors/app/src/main/java/com/example/hotwheelscollectors/data/repository/FirestoreRepository.kt:55:39 Elvis operator (?:) always returns the left operand of non-nullable type String
w: file:///C:/Users/andre/AndroidStudioProjects/HotWheelsCollectors/app/src/main/java/com/example/hotwheelscollectors/data/repository/FirestoreRepository.kt:56:53 Elvis operator (?:) always returns the left operand of non-nullable type String
w: file:///C:/Users/andre/AndroidStudioProjects/HotWheelsCollectors/app/src/main/java/com/example/hotwheelscollectors/data/repository/FirestoreRepository.kt:57:51 Elvis operator (?:) always returns the left operand of non-nullable type String
w: file:///C:/Users/andre/AndroidStudioProjects/HotWheelsCollectors/app/src/main/java/com/example/hotwheelscollectors/data/repository/FirestoreRepository.kt:58:59 Elvis operator (?:) always returns the left operand of non-nullable type String
w: file:///C:/Users/andre/AndroidStudioProjects/HotWheelsCollectors/app/src/main/java/com/example/hotwheelscollectors/data/repository/FirestoreRepository.kt:59:53 Elvis operator (?:) always returns the left operand of non-nullable type List<String>
w: file:///C:/Users/andre/AndroidStudioProjects/HotWheelsCollectors/app/src/main/java/com/example/hotwheelscollectors/data/repository/FirestoreRepository.kt:180:39 Parameter '_since' is never used
w: file:///C:/Users/andre/AndroidStudioProjects/HotWheelsCollectors/app/src/main/java/com/example/hotwheelscollectors/data/repository/FirestoreRepository.kt:190:29 Parameter '_path' is never used
w: file:///C:/Users/andre/AndroidStudioProjects/HotWheelsCollectors/app/src/main/java/com/example/hotwheelscollectors/ui/components/CollectionComponents.kt:483:5 Parameter 'onSearch' is never used
w: file:///C:/Users/andre/AndroidStudioProjects/HotWheelsCollectors/app/src/main/java/com/example/hotwheelscollectors/ui/navigation/NavGraph.kt:63:13 Parameter 'backStackEntry' is never used, could be renamed to _
w: file:///C:/Users/andre/AndroidStudioProjects/HotWheelsCollectors/app/src/main/java/com/example/hotwheelscollectors/ui/navigation/NavGraph.kt:70:13 Parameter 'backStackEntry' is never used, could be renamed to _
w: file:///C:/Users/andre/AndroidStudioProjects/HotWheelsCollectors/app/src/main/java/com/example/hotwheelscollectors/ui/screens/camera/TakePhotosScreen.kt:68:5 Parameter 'returnRoute' is never used
w: file:///C:/Users/andre/AndroidStudioProjects/HotWheelsCollectors/app/src/main/java/com/example/hotwheelscollectors/ui/screens/camera/TakePhotosScreen.kt:74:9 Variable 'scope' is never used
w: file:///C:/Users/andre/AndroidStudioProjects/HotWheelsCollectors/app/src/main/java/com/example/hotwheelscollectors/ui/screens/camera/TakePhotosScreen.kt:80:9 Variable 'hasCameraPermission' is never used
w: file:///C:/Users/andre/AndroidStudioProjects/HotWheelsCollectors/app/src/main/java/com/example/hotwheelscollectors/ui/screens/camera/TakePhotosScreen.kt:89:9 Variable 'isTakingPhoto' is never used
w: file:///C:/Users/andre/AndroidStudioProjects/HotWheelsCollectors/app/src/main/java/com/example/hotwheelscollectors/ui/screens/camera/TakePhotosScreen.kt:213:44 Parameter 'carDetails' is never used, could be renamed to _
w: file:///C:/Users/andre/AndroidStudioProjects/HotWheelsCollectors/app/src/main/java/com/example/hotwheelscollectors/ui/screens/camera/TakePhotosScreen.kt:258:5 Parameter 'previewView' is never used
w: file:///C:/Users/andre/AndroidStudioProjects/HotWheelsCollectors/app/src/main/java/com/example/hotwheelscollectors/ui/screens/camera/TakePhotosScreen.kt:514:9 Variable 'context' is never used
w: file:///C:/Users/andre/AndroidStudioProjects/HotWheelsCollectors/app/src/main/java/com/example/hotwheelscollectors/ui/screens/camera/TakePhotosScreen.kt:524:34 Parameter 'change' is never used, could be renamed to _
w: file:///C:/Users/andre/AndroidStudioProjects/HotWheelsCollectors/app/src/main/java/com/example/hotwheelscollectors/ui/screens/camera/TakePhotosScreen.kt:622:5 Parameter 'originalUri' is never used
w: file:///C:/Users/andre/AndroidStudioProjects/HotWheelsCollectors/app/src/main/java/com/example/hotwheelscollectors/ui/screens/camera/TakePhotosScreen.kt:972:5 Parameter 'barcode' is never used
w: file:///C:/Users/andre/AndroidStudioProjects/HotWheelsCollectors/app/src/main/java/com/example/hotwheelscollectors/ui/screens/camera/TakePhotosScreen.kt:1032:9 Variable 'random' is never used
w: file:///C:/Users/andre/AndroidStudioProjects/HotWheelsCollectors/app/src/main/java/com/example/hotwheelscollectors/ui/screens/camera/TakePhotosScreen.kt:1038:5 Parameter 'frontPhotoUri' is never used
w: file:///C:/Users/andre/AndroidStudioProjects/HotWheelsCollectors/app/src/main/java/com/example/hotwheelscollectors/ui/screens/camera/TakePhotosScreen.kt:1039:5 Parameter 'backPhotoUri' is never used
w: file:///C:/Users/andre/AndroidStudioProjects/HotWheelsCollectors/app/src/main/java/com/example/hotwheelscollectors/ui/screens/camera/TakePhotosScreen.kt:1041:5 Parameter 'croppedBarcodeUri' is never used
w: file:///C:/Users/andre/AndroidStudioProjects/HotWheelsCollectors/app/src/main/java/com/example/hotwheelscollectors/ui/screens/camera/TakePhotosScreen.kt:1153:10 'setTargetAspectRatio(Int): Preview.Builder' is deprecated. Deprecated in Java
w: file:///C:/Users/andre/AndroidStudioProjects/HotWheelsCollectors/app/src/main/java/com/example/hotwheelscollectors/ui/screens/camera/TakePhotosScreen.kt:1157:10 'setTargetAspectRatio(Int): ImageCapture.Builder' is deprecated. Deprecated in Java
w: file:///C:/Users/andre/AndroidStudioProjects/HotWheelsCollectors/app/src/main/java/com/example/hotwheelscollectors/ui/screens/camera/TakePhotosScreen.kt:1192:5 Parameter 'cameraExecutor' is never used
w: file:///C:/Users/andre/AndroidStudioProjects/HotWheelsCollectors/app/src/main/java/com/example/hotwheelscollectors/ui/screens/camera/TakePhotosScreen.kt:1199:10 'setTargetAspectRatio(Int): Preview.Builder' is deprecated. Deprecated in Java
w: file:///C:/Users/andre/AndroidStudioProjects/HotWheelsCollectors/app/src/main/java/com/example/hotwheelscollectors/ui/screens/camera/TakePhotosScreen.kt:1203:10 'setTargetAspectRatio(Int): ImageCapture.Builder' is deprecated. Deprecated in Java
w: file:///C:/Users/andre/AndroidStudioProjects/HotWheelsCollectors/app/src/main/java/com/example/hotwheelscollectors/ui/screens/collection/OthersScreen.kt:203:26 Parameter 'format' is never used, could be renamed to _
w: file:///C:/Users/andre/AndroidStudioProjects/HotWheelsCollectors/app/src/main/java/com/example/hotwheelscollectors/ui/screens/collection/OthersScreen.kt:228:25 Parameter 'uri' is never used, could be renamed to _
w: file:///C:/Users/andre/AndroidStudioProjects/HotWheelsCollectors/app/src/main/java/com/example/hotwheelscollectors/ui/screens/collection/OthersScreen.kt:311:40 'Sort: ImageVector' is deprecated. Use the AutoMirrored version at Icons.AutoMirrored.Filled.Sort
w: file:///C:/Users/andre/AndroidStudioProjects/HotWheelsCollectors/app/src/main/java/com/example/hotwheelscollectors/ui/screens/collection/OthersScreen.kt:350:40 'ViewList: ImageVector' is deprecated. Use the AutoMirrored version at Icons.AutoMirrored.Filled.ViewList
w: file:///C:/Users/andre/AndroidStudioProjects/HotWheelsCollectors/app/src/main/java/com/example/hotwheelscollectors/ui/screens/collection/OthersScreen.kt:431:5 Parameter 'onLongClick' is never used
w: file:///C:/Users/andre/AndroidStudioProjects/HotWheelsCollectors/app/src/main/java/com/example/hotwheelscollectors/ui/screens/collection/OthersScreen.kt:482:47 Elvis operator (?:) always returns the left operand of non-nullable type String
w: file:///C:/Users/andre/AndroidStudioProjects/HotWheelsCollectors/app/src/main/java/com/example/hotwheelscollectors/ui/screens/collection/OthersScreen.kt:494:55 Elvis operator (?:) always returns the left operand of non-nullable type String
w: file:///C:/Users/andre/AndroidStudioProjects/HotWheelsCollectors/app/src/main/java/com/example/hotwheelscollectors/ui/screens/collection/OthersScreen.kt:499:48 Unnecessary safe call on a non-null receiver of type Int
w: file:///C:/Users/andre/AndroidStudioProjects/HotWheelsCollectors/app/src/main/java/com/example/hotwheelscollectors/ui/screens/collection/OthersScreen.kt:499:61 Elvis operator (?:) always returns the left operand of non-nullable type String
w: file:///C:/Users/andre/AndroidStudioProjects/HotWheelsCollectors/app/src/main/java/com/example/hotwheelscollectors/ui/screens/collection/OthersScreen.kt:534:5 Parameter 'onLongClick' is never used
w: file:///C:/Users/andre/AndroidStudioProjects/HotWheelsCollectors/app/src/main/java/com/example/hotwheelscollectors/ui/screens/collection/OthersScreen.kt:600:39 Elvis operator (?:) always returns the left operand of non-nullable type String
w: file:///C:/Users/andre/AndroidStudioProjects/HotWheelsCollectors/app/src/main/java/com/example/hotwheelscollectors/ui/screens/collection/OthersScreen.kt:612:47 Elvis operator (?:) always returns the left operand of non-nullable type String
w: file:///C:/Users/andre/AndroidStudioProjects/HotWheelsCollectors/app/src/main/java/com/example/hotwheelscollectors/ui/screens/collection/OthersScreen.kt:617:40 Unnecessary safe call on a non-null receiver of type Int
w: file:///C:/Users/andre/AndroidStudioProjects/HotWheelsCollectors/app/src/main/java/com/example/hotwheelscollectors/ui/screens/collection/OthersScreen.kt:617:53 Elvis operator (?:) always returns the left operand of non-nullable type String
w: file:///C:/Users/andre/AndroidStudioProjects/HotWheelsCollectors/app/src/main/java/com/example/hotwheelscollectors/ui/screens/price/PriceCheckScreen.kt:49:44 'ArrowBack: ImageVector' is deprecated. Use the AutoMirrored version at Icons.AutoMirrored.Filled.ArrowBack
w: file:///C:/Users/andre/AndroidStudioProjects/HotWheelsCollectors/app/src/main/java/com/example/hotwheelscollectors/ui/screens/settings/SettingsScreen.kt:88:44 'ArrowBack: ImageVector' is deprecated. Use the AutoMirrored version at Icons.AutoMirrored.Filled.ArrowBack
w: file:///C:/Users/andre/AndroidStudioProjects/HotWheelsCollectors/app/src/main/java/com/example/hotwheelscollectors/ui/screens/settings/SettingsScreen.kt:155:50 'Logout: ImageVector' is deprecated. Use the AutoMirrored version at Icons.AutoMirrored.Filled.Logout
w: file:///C:/Users/andre/AndroidStudioProjects/HotWheelsCollectors/app/src/main/java/com/example/hotwheelscollectors/ui/screens/settings/SettingsScreen.kt:162:50 'Login: ImageVector' is deprecated. Use the AutoMirrored version at Icons.AutoMirrored.Filled.Login
w: file:///C:/Users/andre/AndroidStudioProjects/HotWheelsCollectors/app/src/main/java/com/example/hotwheelscollectors/ui/screens/settings/SettingsScreen.kt:192:46 'Article: ImageVector' is deprecated. Use the AutoMirrored version at Icons.AutoMirrored.Filled.Article
w: file:///C:/Users/andre/AndroidStudioProjects/HotWheelsCollectors/app/src/main/java/com/example/hotwheelscollectors/ui/screens/share/ShareScreen.kt:67:44 'ArrowBack: ImageVector' is deprecated. Use the AutoMirrored version at Icons.AutoMirrored.Filled.ArrowBack
w: file:///C:/Users/andre/AndroidStudioProjects/HotWheelsCollectors/app/src/main/java/com/example/hotwheelscollectors/viewmodels/AddOthersViewModel.kt:222:21 Variable 'finalSaveLocation' is never used
w: file:///C:/Users/andre/AndroidStudioProjects/HotWheelsCollectors/app/src/main/java/com/example/hotwheelscollectors/viewmodels/MainViewModel.kt:274:41 Parameter 'format' is never used
w: file:///C:/Users/andre/AndroidStudioProjects/HotWheelsCollectors/app/src/main/java/com/example/hotwheelscollectors/viewmodels/MainViewModel.kt:330:19 Parameter 'uri' is never used
w: file:///C:/Users/andre/AndroidStudioProjects/HotWheelsCollectors/app/src/main/java/com/example/hotwheelscollectors/viewmodels/PremiumViewModel.kt:261:41 Parameter 'format' is never used
w: file:///C:/Users/andre/AndroidStudioProjects/HotWheelsCollectors/app/src/main/java/com/example/hotwheelscollectors/viewmodels/PremiumViewModel.kt:319:19 Parameter 'uri' is never used
.\gradlew : e: file:///C:/Users/andre/AndroidStudioProjects/HotWheels
Collectors/app/src/main/java/com/example/hotwheelscollectors/ui/scree
ns/add/AddPremiumScreen.kt:72:34 Unresolved reference: 
processSelectedPhoto
At line:1 char:1
+ .\gradlew app:compileDebugKotlin 2>&1 | Tee-Object -FilePath 
"build_e ...
+ ~~~~~~~~~~~~~~~~~~~~~~~~~~~~~~~~~~~~~
    + CategoryInfo          : NotSpecified: (e: file:///C:/U...ssSel 
   ectedPhoto:String) [], RemoteException
    + FullyQualifiedErrorId : NativeCommandError
 
e: file:///C:/Users/andre/AndroidStudioProjects/HotWheelsCollectors/a
pp/src/main/java/com/example/hotwheelscollectors/ui/screens/add/AddPr
emiumScreen.kt:142:45 Unresolved reference: deletePhoto
e: file:///C:/Users/andre/AndroidStudioProjects/HotWheelsCollectors/a
pp/src/main/java/com/example/hotwheelscollectors/ui/screens/add/AddPr
emiumScreen.kt:164:35 Unresolved reference: line
e: file:///C:/Users/andre/AndroidStudioProjects/HotWheelsCollectors/a
pp/src/main/java/com/example/hotwheelscollectors/ui/screens/add/AddPr
emiumScreen.kt:165:45 Unresolved reference: updateLine
e: file:///C:/Users/andre/AndroidStudioProjects/HotWheelsCollectors/a
pp/src/main/java/com/example/hotwheelscollectors/ui/screens/add/AddPr
emiumScreen.kt:165:56 Unresolved reference: it
e: file:///C:/Users/andre/AndroidStudioProjects/HotWheelsCollectors/a
pp/src/main/java/com/example/hotwheelscollectors/ui/screens/add/AddPr
emiumScreen.kt:166:27 @Composable invocations can only happen from 
the context of a @Composable function
e: file:///C:/Users/andre/AndroidStudioProjects/HotWheelsCollectors/a
pp/src/main/java/com/example/hotwheelscollectors/ui/screens/add/AddPr
emiumScreen.kt:180:35 Unresolved reference: theme
e: file:///C:/Users/andre/AndroidStudioProjects/HotWheelsCollectors/a
pp/src/main/java/com/example/hotwheelscollectors/ui/screens/add/AddPr
emiumScreen.kt:181:45 Unresolved reference: updateTheme
e: file:///C:/Users/andre/AndroidStudioProjects/HotWheelsCollectors/a
pp/src/main/java/com/example/hotwheelscollectors/ui/screens/add/AddPr
emiumScreen.kt:181:57 Unresolved reference: it
e: file:///C:/Users/andre/AndroidStudioProjects/HotWheelsCollectors/a
pp/src/main/java/com/example/hotwheelscollectors/ui/screens/add/AddPr
emiumScreen.kt:182:27 @Composable invocations can only happen from 
the context of a @Composable function

> Task :app:compileDebugKotlin FAILED

FAILURE: Build failed with an exception.

* What went wrong:
Execution failed for task ':app:compileDebugKotlin'.
> A failure occurred while executing org.jetbrains.kotlin.compilerRun
ner.GradleCompilerRunnerWithWorkers$GradleKotlinCompilerWorkAction
   > Compilation error. See log for more details

* Try:
> Run with --stacktrace option to get the stack trace.
> Run with --info or --debug option to get more log output.
> Run with --scan to get full insights.
> Get more help at https://help.gradle.org.

BUILD FAILED in 1m 23s
19 actionable tasks: 2 executed, 17 up-to-date
